Component: ARM Compiler 5.06 update 7 (build 960) Tool: armlink [4d3601]

==============================================================================

Section Cross References

    main.o(i.main) refers to clock and perif.o(i.initSystem) for initSystem
    main.o(i.main) refers to lcd1602 driver.o(i.initLcd) for initLcd
    device mode.o(i.ADC_IRQHandler) refers to device mode.o(.data) for nCountAdc
    device mode.o(i.ADC_IRQHandler) refers to main.o(.data) for displayMode
    device mode.o(i.EXTI3_IRQHandler) refers to lcd1602 driver.o(i.clearLcd) for clearLcd
    device mode.o(i.EXTI3_IRQHandler) refers to device mode.o(.data) for b4
    device mode.o(i.EXTI3_IRQHandler) refers to main.o(.data) for deviceMode
    device mode.o(i.EXTI4_IRQHandler) refers to lcd1602 driver.o(i.Delay) for Delay
    device mode.o(i.EXTI4_IRQHandler) refers to lcd1602 driver.o(i.clearLcd) for clearLcd
    device mode.o(i.EXTI4_IRQHandler) refers to device mode.o(.data) for b1
    device mode.o(i.EXTI4_IRQHandler) refers to main.o(.data) for deviceMode
    device mode.o(i.EXTI9_5_IRQHandler) refers to lcd1602 driver.o(i.clearLcd) for clearLcd
    device mode.o(i.EXTI9_5_IRQHandler) refers to lcd1602 driver.o(i.Delay) for Delay
    device mode.o(i.EXTI9_5_IRQHandler) refers to main.o(.data) for deviceMode
    device mode.o(i.EXTI9_5_IRQHandler) refers to device mode.o(.data) for adcData
    device mode.o(i.TIM4_IRQHandler) refers to main.o(.data) for deviceMode
    device mode.o(i.TIM4_IRQHandler) refers to device mode.o(.data) for nTimerTime
    device mode.o(i.TIM5_IRQHandler) refers to device mode.o(i.deviceModeHandler) for deviceModeHandler
    device mode.o(i.TIM5_IRQHandler) refers to display mode.o(i.displayModeHandler) for displayModeHandler
    device mode.o(i.TIM5_IRQHandler) refers to main.o(.data) for deviceMode
    device mode.o(i.getAdcData) refers to device mode.o(.data) for adcData
    device mode.o(i.getDelayTimeSetting) refers to device mode.o(.data) for setDelayTime
    device mode.o(i.getDutyCycleSetting) refers to device mode.o(.data) for setDutyCycle
    device mode.o(i.getTimerTime) refers to device mode.o(.data) for nTimerTime
    device mode.o(i.getTimerTimeSetting) refers to device mode.o(.data) for setTimerTime
    device mode.o(i.get_b1) refers to device mode.o(.data) for b1
    device mode.o(i.get_b2) refers to device mode.o(.data) for b2
    device mode.o(i.get_b3) refers to device mode.o(.data) for b3
    device mode.o(i.get_b4) refers to device mode.o(.data) for b4
    lcd1602 driver.o(i.clearLcd) refers to lcd1602 driver.o(i.sendLcdCommand) for sendLcdCommand
    lcd1602 driver.o(i.initLcd) refers to lcd1602 driver.o(i.sendLcdCommand) for sendLcdCommand
    lcd1602 driver.o(i.sendIntData3PointToDisplay) refers to lcd1602 driver.o(i.convertPositionToAdress) for convertPositionToAdress
    lcd1602 driver.o(i.sendIntData3PointToDisplay) refers to lcd1602 driver.o(i.sendLcdCommand) for sendLcdCommand
    lcd1602 driver.o(i.sendIntData3PointToDisplay) refers to lcd1602 driver.o(i.sendLcdData) for sendLcdData
    lcd1602 driver.o(i.sendIntData3ToDisplay) refers to lcd1602 driver.o(i.convertPositionToAdress) for convertPositionToAdress
    lcd1602 driver.o(i.sendIntData3ToDisplay) refers to lcd1602 driver.o(i.sendLcdCommand) for sendLcdCommand
    lcd1602 driver.o(i.sendIntData3ToDisplay) refers to lcd1602 driver.o(i.sendLcdData) for sendLcdData
    lcd1602 driver.o(i.sendLcdByte) refers to lcd1602 driver.o(i.sendI2cByte) for sendI2cByte
    lcd1602 driver.o(i.sendLcdByte) refers to lcd1602 driver.o(i.Delay) for Delay
    lcd1602 driver.o(i.sendLcdCommand) refers to lcd1602 driver.o(i.sendLcdByte) for sendLcdByte
    lcd1602 driver.o(i.sendLcdData) refers to lcd1602 driver.o(i.sendLcdByte) for sendLcdByte
    lcd1602 driver.o(i.sendLcdString) refers to lcd1602 driver.o(i.sendLcdData) for sendLcdData
    lcd1602 driver.o(i.sendLcdStringToPosition) refers to lcd1602 driver.o(i.convertPositionToAdress) for convertPositionToAdress
    lcd1602 driver.o(i.sendLcdStringToPosition) refers to lcd1602 driver.o(i.sendLcdCommand) for sendLcdCommand
    lcd1602 driver.o(i.sendLcdStringToPosition) refers to lcd1602 driver.o(i.sendLcdString) for sendLcdString
    clock and perif.o(i.initAdc) refers to clock and perif.o(i.__NVIC_EnableIRQ) for __NVIC_EnableIRQ
    clock and perif.o(i.initButton) refers to clock and perif.o(i.__NVIC_EnableIRQ) for __NVIC_EnableIRQ
    clock and perif.o(i.initSystem) refers to clock and perif.o(i.initClock) for initClock
    clock and perif.o(i.initSystem) refers to clock and perif.o(i.initTimer) for initTimer
    clock and perif.o(i.initSystem) refers to clock and perif.o(i.initI2c) for initI2c
    clock and perif.o(i.initSystem) refers to clock and perif.o(i.initAdc) for initAdc
    clock and perif.o(i.initSystem) refers to clock and perif.o(i.initButton) for initButton
    clock and perif.o(i.initTimer) refers to clock and perif.o(i.__NVIC_EnableIRQ) for __NVIC_EnableIRQ
    display mode.o(i.convertAdcDataToDisplay) refers to device mode.o(i.getAdcData) for getAdcData
    display mode.o(i.convertAdcDataToDisplay) refers to display mode.o(.data) for dataCurrent
    display mode.o(i.convertPeriodDataToDisplay) refers to display mode.o(.data) for dataPeriod
    display mode.o(i.displayModeHandler) refers to lcd1602 driver.o(i.sendLcdStringToPosition) for sendLcdStringToPosition
    display mode.o(i.displayModeHandler) refers to display mode.o(i.sendCurrentDataToDisplay) for sendCurrentDataToDisplay
    display mode.o(i.displayModeHandler) refers to device mode.o(i.getTimerTime) for getTimerTime
    display mode.o(i.displayModeHandler) refers to lcd1602 driver.o(i.sendIntData3ToDisplay) for sendIntData3ToDisplay
    display mode.o(i.displayModeHandler) refers to display mode.o(i.sendPeriodDataToDisplay) for sendPeriodDataToDisplay
    display mode.o(i.displayModeHandler) refers to device mode.o(i.getDutyCycleSetting) for getDutyCycleSetting
    display mode.o(i.displayModeHandler) refers to device mode.o(i.getTimerTimeSetting) for getTimerTimeSetting
    display mode.o(i.displayModeHandler) refers to device mode.o(i.getDelayTimeSetting) for getDelayTimeSetting
    display mode.o(i.displayModeHandler) refers to lcd1602 driver.o(i.sendIntData3PointToDisplay) for sendIntData3PointToDisplay
    display mode.o(i.displayModeHandler) refers to main.o(.data) for timerMode
    display mode.o(i.sendCurrentDataToDisplay) refers to display mode.o(i.convertAdcDataToDisplay) for convertAdcDataToDisplay
    display mode.o(i.sendCurrentDataToDisplay) refers to lcd1602 driver.o(i.sendLcdStringToPosition) for sendLcdStringToPosition
    display mode.o(i.sendCurrentDataToDisplay) refers to display mode.o(.data) for stringCurrent
    display mode.o(i.sendPeriodDataToDisplay) refers to display mode.o(i.convertPeriodDataToDisplay) for convertPeriodDataToDisplay
    display mode.o(i.sendPeriodDataToDisplay) refers to lcd1602 driver.o(i.sendLcdStringToPosition) for sendLcdStringToPosition
    display mode.o(i.sendPeriodDataToDisplay) refers to display mode.o(.data) for srtingPeriod
    startup_stm32f411xe.o(STACK) refers (Special) to heapauxi.o(.text) for __use_two_region_memory
    startup_stm32f411xe.o(HEAP) refers (Special) to heapauxi.o(.text) for __use_two_region_memory
    startup_stm32f411xe.o(RESET) refers (Special) to heapauxi.o(.text) for __use_two_region_memory
    startup_stm32f411xe.o(RESET) refers to startup_stm32f411xe.o(STACK) for __initial_sp
    startup_stm32f411xe.o(RESET) refers to startup_stm32f411xe.o(.text) for Reset_Handler
    startup_stm32f411xe.o(RESET) refers to device mode.o(i.EXTI3_IRQHandler) for EXTI3_IRQHandler
    startup_stm32f411xe.o(RESET) refers to device mode.o(i.EXTI4_IRQHandler) for EXTI4_IRQHandler
    startup_stm32f411xe.o(RESET) refers to device mode.o(i.ADC_IRQHandler) for ADC_IRQHandler
    startup_stm32f411xe.o(RESET) refers to device mode.o(i.EXTI9_5_IRQHandler) for EXTI9_5_IRQHandler
    startup_stm32f411xe.o(RESET) refers to device mode.o(i.TIM4_IRQHandler) for TIM4_IRQHandler
    startup_stm32f411xe.o(RESET) refers to device mode.o(i.TIM5_IRQHandler) for TIM5_IRQHandler
    startup_stm32f411xe.o(.text) refers (Special) to heapauxi.o(.text) for __use_two_region_memory
    startup_stm32f411xe.o(.text) refers to system_stm32f4xx.o(i.SystemInit) for SystemInit
    startup_stm32f411xe.o(.text) refers to __main.o(!!!main) for __main
    startup_stm32f411xe.o(.text) refers to startup_stm32f411xe.o(HEAP) for Heap_Mem
    startup_stm32f411xe.o(.text) refers to startup_stm32f411xe.o(STACK) for Stack_Mem
    system_stm32f4xx.o(i.SystemCoreClockUpdate) refers to system_stm32f4xx.o(.data) for SystemCoreClock
    system_stm32f4xx.o(i.SystemCoreClockUpdate) refers to system_stm32f4xx.o(.constdata) for AHBPrescTable
    __main.o(!!!main) refers to __rtentry.o(.ARM.Collect$$rtentry$$00000000) for __rt_entry
    __rtentry.o(.ARM.Collect$$rtentry$$00000000) refers (Special) to __rtentry2.o(.ARM.Collect$$rtentry$$0000000A) for __rt_entry_li
    __rtentry.o(.ARM.Collect$$rtentry$$00000000) refers (Special) to __rtentry2.o(.ARM.Collect$$rtentry$$0000000D) for __rt_entry_main
    __rtentry.o(.ARM.Collect$$rtentry$$00000000) refers (Special) to __rtentry2.o(.ARM.Collect$$rtentry$$0000000C) for __rt_entry_postli_1
    __rtentry.o(.ARM.Collect$$rtentry$$00000000) refers (Special) to __rtentry2.o(.ARM.Collect$$rtentry$$00000009) for __rt_entry_postsh_1
    __rtentry.o(.ARM.Collect$$rtentry$$00000000) refers (Special) to __rtentry2.o(.ARM.Collect$$rtentry$$00000002) for __rt_entry_presh_1
    __rtentry.o(.ARM.Collect$$rtentry$$00000000) refers (Special) to __rtentry4.o(.ARM.Collect$$rtentry$$00000004) for __rt_entry_sh
    __rtentry2.o(.ARM.Collect$$rtentry$$00000008) refers to boardinit2.o(.text) for _platform_post_stackheap_init
    __rtentry2.o(.ARM.Collect$$rtentry$$0000000A) refers to libinit.o(.ARM.Collect$$libinit$$00000000) for __rt_lib_init
    __rtentry2.o(.ARM.Collect$$rtentry$$0000000B) refers to boardinit3.o(.text) for _platform_post_lib_init
    __rtentry2.o(.ARM.Collect$$rtentry$$0000000D) refers to main.o(i.main) for main
    __rtentry2.o(.ARM.Collect$$rtentry$$0000000D) refers to exit.o(.text) for exit
    __rtentry2.o(.ARM.exidx) refers to __rtentry2.o(.ARM.Collect$$rtentry$$00000001) for .ARM.Collect$$rtentry$$00000001
    __rtentry2.o(.ARM.exidx) refers to __rtentry2.o(.ARM.Collect$$rtentry$$00000008) for .ARM.Collect$$rtentry$$00000008
    __rtentry2.o(.ARM.exidx) refers to __rtentry2.o(.ARM.Collect$$rtentry$$0000000A) for .ARM.Collect$$rtentry$$0000000A
    __rtentry2.o(.ARM.exidx) refers to __rtentry2.o(.ARM.Collect$$rtentry$$0000000B) for .ARM.Collect$$rtentry$$0000000B
    __rtentry2.o(.ARM.exidx) refers to __rtentry2.o(.ARM.Collect$$rtentry$$0000000D) for .ARM.Collect$$rtentry$$0000000D
    __rtentry4.o(.ARM.Collect$$rtentry$$00000004) refers to sys_stackheap_outer.o(.text) for __user_setup_stackheap
    __rtentry4.o(.ARM.exidx) refers to __rtentry4.o(.ARM.Collect$$rtentry$$00000004) for .ARM.Collect$$rtentry$$00000004
    sys_stackheap_outer.o(.text) refers to libspace.o(.text) for __user_perproc_libspace
    sys_stackheap_outer.o(.text) refers to startup_stm32f411xe.o(.text) for __user_initial_stackheap
    exit.o(.text) refers to rtexit.o(.ARM.Collect$$rtexit$$00000000) for __rt_exit
    libinit.o(.ARM.Collect$$libinit$$00000000) refers (Special) to libinit2.o(.ARM.Collect$$libinit$$0000002E) for __rt_lib_init_alloca_1
    libinit.o(.ARM.Collect$$libinit$$00000000) refers (Special) to libinit2.o(.ARM.Collect$$libinit$$0000002C) for __rt_lib_init_argv_1
    libinit.o(.ARM.Collect$$libinit$$00000000) refers (Special) to libinit2.o(.ARM.Collect$$libinit$$0000001B) for __rt_lib_init_atexit_1
    libinit.o(.ARM.Collect$$libinit$$00000000) refers (Special) to libinit2.o(.ARM.Collect$$libinit$$00000021) for __rt_lib_init_clock_1
    libinit.o(.ARM.Collect$$libinit$$00000000) refers (Special) to libinit2.o(.ARM.Collect$$libinit$$00000032) for __rt_lib_init_cpp_1
    libinit.o(.ARM.Collect$$libinit$$00000000) refers (Special) to libinit2.o(.ARM.Collect$$libinit$$00000030) for __rt_lib_init_exceptions_1
    libinit.o(.ARM.Collect$$libinit$$00000000) refers (Special) to libinit2.o(.ARM.Collect$$libinit$$00000001) for __rt_lib_init_fp_1
    libinit.o(.ARM.Collect$$libinit$$00000000) refers (Special) to libinit2.o(.ARM.Collect$$libinit$$0000001F) for __rt_lib_init_fp_trap_1
    libinit.o(.ARM.Collect$$libinit$$00000000) refers (Special) to libinit2.o(.ARM.Collect$$libinit$$00000023) for __rt_lib_init_getenv_1
    libinit.o(.ARM.Collect$$libinit$$00000000) refers (Special) to libinit2.o(.ARM.Collect$$libinit$$0000000A) for __rt_lib_init_heap_1
    libinit.o(.ARM.Collect$$libinit$$00000000) refers (Special) to libinit2.o(.ARM.Collect$$libinit$$00000011) for __rt_lib_init_lc_collate_1
    libinit.o(.ARM.Collect$$libinit$$00000000) refers (Special) to libinit2.o(.ARM.Collect$$libinit$$00000013) for __rt_lib_init_lc_ctype_1
    libinit.o(.ARM.Collect$$libinit$$00000000) refers (Special) to libinit2.o(.ARM.Collect$$libinit$$00000015) for __rt_lib_init_lc_monetary_1
    libinit.o(.ARM.Collect$$libinit$$00000000) refers (Special) to libinit2.o(.ARM.Collect$$libinit$$00000017) for __rt_lib_init_lc_numeric_1
    libinit.o(.ARM.Collect$$libinit$$00000000) refers (Special) to libinit2.o(.ARM.Collect$$libinit$$00000019) for __rt_lib_init_lc_time_1
    libinit.o(.ARM.Collect$$libinit$$00000000) refers (Special) to libinit2.o(.ARM.Collect$$libinit$$00000004) for __rt_lib_init_preinit_1
    libinit.o(.ARM.Collect$$libinit$$00000000) refers (Special) to libinit2.o(.ARM.Collect$$libinit$$0000000E) for __rt_lib_init_rand_1
    libinit.o(.ARM.Collect$$libinit$$00000000) refers (Special) to libinit2.o(.ARM.Collect$$libinit$$00000033) for __rt_lib_init_return
    libinit.o(.ARM.Collect$$libinit$$00000000) refers (Special) to libinit2.o(.ARM.Collect$$libinit$$0000001D) for __rt_lib_init_signal_1
    libinit.o(.ARM.Collect$$libinit$$00000000) refers (Special) to libinit2.o(.ARM.Collect$$libinit$$00000025) for __rt_lib_init_stdio_1
    libinit.o(.ARM.Collect$$libinit$$00000000) refers (Special) to libinit2.o(.ARM.Collect$$libinit$$0000000C) for __rt_lib_init_user_alloc_1
    libspace.o(.text) refers to libspace.o(.bss) for __libspace_start
    rtexit.o(.ARM.Collect$$rtexit$$00000000) refers (Special) to rtexit2.o(.ARM.Collect$$rtexit$$00000004) for __rt_exit_exit
    rtexit.o(.ARM.Collect$$rtexit$$00000000) refers (Special) to rtexit2.o(.ARM.Collect$$rtexit$$00000003) for __rt_exit_ls
    rtexit.o(.ARM.Collect$$rtexit$$00000000) refers (Special) to rtexit2.o(.ARM.Collect$$rtexit$$00000002) for __rt_exit_prels_1
    rtexit.o(.ARM.exidx) refers (Special) to rtexit2.o(.ARM.Collect$$rtexit$$00000004) for __rt_exit_exit
    rtexit.o(.ARM.exidx) refers (Special) to rtexit2.o(.ARM.Collect$$rtexit$$00000003) for __rt_exit_ls
    rtexit.o(.ARM.exidx) refers (Special) to rtexit2.o(.ARM.Collect$$rtexit$$00000002) for __rt_exit_prels_1
    rtexit.o(.ARM.exidx) refers to rtexit.o(.ARM.Collect$$rtexit$$00000000) for .ARM.Collect$$rtexit$$00000000
    libinit2.o(.ARM.Collect$$libinit$$00000001) refers to fpinit.o(x$fpl$fpinit) for _fp_init
    libinit2.o(.ARM.Collect$$libinit$$00000010) refers to libinit2.o(.ARM.Collect$$libinit$$0000000F) for .ARM.Collect$$libinit$$0000000F
    libinit2.o(.ARM.Collect$$libinit$$00000012) refers to libinit2.o(.ARM.Collect$$libinit$$0000000F) for .ARM.Collect$$libinit$$0000000F
    libinit2.o(.ARM.Collect$$libinit$$00000014) refers to libinit2.o(.ARM.Collect$$libinit$$0000000F) for .ARM.Collect$$libinit$$0000000F
    libinit2.o(.ARM.Collect$$libinit$$00000016) refers to libinit2.o(.ARM.Collect$$libinit$$0000000F) for .ARM.Collect$$libinit$$0000000F
    libinit2.o(.ARM.Collect$$libinit$$00000018) refers to libinit2.o(.ARM.Collect$$libinit$$0000000F) for .ARM.Collect$$libinit$$0000000F
    libinit2.o(.ARM.Collect$$libinit$$00000026) refers to argv_veneer.o(.emb_text) for __ARM_argv_veneer
    libinit2.o(.ARM.Collect$$libinit$$00000027) refers to argv_veneer.o(.emb_text) for __ARM_argv_veneer
    rtexit2.o(.ARM.Collect$$rtexit$$00000003) refers to libshutdown.o(.ARM.Collect$$libshutdown$$00000000) for __rt_lib_shutdown
    rtexit2.o(.ARM.Collect$$rtexit$$00000004) refers to sys_exit.o(.text) for _sys_exit
    rtexit2.o(.ARM.exidx) refers to rtexit2.o(.ARM.Collect$$rtexit$$00000001) for .ARM.Collect$$rtexit$$00000001
    rtexit2.o(.ARM.exidx) refers to rtexit2.o(.ARM.Collect$$rtexit$$00000003) for .ARM.Collect$$rtexit$$00000003
    rtexit2.o(.ARM.exidx) refers to rtexit2.o(.ARM.Collect$$rtexit$$00000004) for .ARM.Collect$$rtexit$$00000004
    argv_veneer.o(.emb_text) refers to no_argv.o(.text) for __ARM_get_argv
    sys_exit.o(.text) refers (Special) to use_no_semi.o(.text) for __I$use$semihosting
    sys_exit.o(.text) refers (Special) to indicate_semi.o(.text) for __semihosting_library_function
    _get_argv_nomalloc.o(.text) refers (Special) to hrguard.o(.text) for __heap_region$guard
    _get_argv_nomalloc.o(.text) refers to defsig_rtmem_outer.o(.text) for __rt_SIGRTMEM
    _get_argv_nomalloc.o(.text) refers to sys_command.o(.text) for _sys_command_string
    libshutdown.o(.ARM.Collect$$libshutdown$$00000000) refers (Special) to libshutdown2.o(.ARM.Collect$$libshutdown$$00000004) for __rt_lib_shutdown_cpp_1
    libshutdown.o(.ARM.Collect$$libshutdown$$00000000) refers (Special) to libshutdown2.o(.ARM.Collect$$libshutdown$$00000002) for __rt_lib_shutdown_fini_1
    libshutdown.o(.ARM.Collect$$libshutdown$$00000000) refers (Special) to libshutdown2.o(.ARM.Collect$$libshutdown$$00000009) for __rt_lib_shutdown_fp_trap_1
    libshutdown.o(.ARM.Collect$$libshutdown$$00000000) refers (Special) to libshutdown2.o(.ARM.Collect$$libshutdown$$00000011) for __rt_lib_shutdown_heap_1
    libshutdown.o(.ARM.Collect$$libshutdown$$00000000) refers (Special) to libshutdown2.o(.ARM.Collect$$libshutdown$$00000012) for __rt_lib_shutdown_return
    libshutdown.o(.ARM.Collect$$libshutdown$$00000000) refers (Special) to libshutdown2.o(.ARM.Collect$$libshutdown$$0000000C) for __rt_lib_shutdown_signal_1
    libshutdown.o(.ARM.Collect$$libshutdown$$00000000) refers (Special) to libshutdown2.o(.ARM.Collect$$libshutdown$$00000006) for __rt_lib_shutdown_stdio_1
    libshutdown.o(.ARM.Collect$$libshutdown$$00000000) refers (Special) to libshutdown2.o(.ARM.Collect$$libshutdown$$0000000E) for __rt_lib_shutdown_user_alloc_1
    sys_command.o(.text) refers (Special) to use_no_semi.o(.text) for __I$use$semihosting
    sys_command.o(.text) refers (Special) to indicate_semi.o(.text) for __semihosting_library_function
    defsig_rtmem_outer.o(.text) refers to defsig_rtmem_inner.o(.text) for __rt_SIGRTMEM_inner
    defsig_rtmem_outer.o(.text) refers to defsig_exit.o(.text) for __sig_exit
    defsig_rtmem_formal.o(.text) refers to rt_raise.o(.text) for __rt_raise
    rt_raise.o(.text) refers to __raise.o(.text) for __raise
    rt_raise.o(.text) refers to sys_exit.o(.text) for _sys_exit
    defsig_exit.o(.text) refers to sys_exit.o(.text) for _sys_exit
    defsig_rtmem_inner.o(.text) refers to defsig_general.o(.text) for __default_signal_display
    __raise.o(.text) refers to defsig.o(CL$$defsig) for __default_signal_handler
    defsig_general.o(.text) refers to sys_wrch.o(.text) for _ttywrch
    sys_wrch.o(.text) refers (Special) to use_no_semi.o(.text) for __I$use$semihosting
    sys_wrch.o(.text) refers (Special) to indicate_semi.o(.text) for __semihosting_library_function
    defsig.o(CL$$defsig) refers to defsig_rtmem_inner.o(.text) for __rt_SIGRTMEM_inner
    defsig_abrt_inner.o(.text) refers to defsig_general.o(.text) for __default_signal_display
    defsig_fpe_inner.o(.text) refers to defsig_general.o(.text) for __default_signal_display
    defsig_rtred_inner.o(.text) refers to defsig_general.o(.text) for __default_signal_display
    defsig_stak_inner.o(.text) refers to defsig_general.o(.text) for __default_signal_display
    defsig_pvfn_inner.o(.text) refers to defsig_general.o(.text) for __default_signal_display
    defsig_cppl_inner.o(.text) refers to defsig_general.o(.text) for __default_signal_display
    defsig_segv_inner.o(.text) refers to defsig_general.o(.text) for __default_signal_display
    defsig_other.o(.text) refers to defsig_general.o(.text) for __default_signal_display


==============================================================================

Removing Unused input sections from the image.

    Removing main.o(.rev16_text), (4 bytes).
    Removing main.o(.revsh_text), (4 bytes).
    Removing main.o(.rrx_text), (6 bytes).
    Removing device mode.o(.rev16_text), (4 bytes).
    Removing device mode.o(.revsh_text), (4 bytes).
    Removing device mode.o(.rrx_text), (6 bytes).
    Removing device mode.o(i.get_b1), (12 bytes).
    Removing device mode.o(i.get_b2), (12 bytes).
    Removing device mode.o(i.get_b3), (12 bytes).
    Removing device mode.o(i.get_b4), (12 bytes).
    Removing lcd1602 driver.o(.rev16_text), (4 bytes).
    Removing lcd1602 driver.o(.revsh_text), (4 bytes).
    Removing lcd1602 driver.o(.rrx_text), (6 bytes).
    Removing clock and perif.o(.rev16_text), (4 bytes).
    Removing clock and perif.o(.revsh_text), (4 bytes).
    Removing clock and perif.o(.rrx_text), (6 bytes).
    Removing display mode.o(.rev16_text), (4 bytes).
    Removing display mode.o(.revsh_text), (4 bytes).
    Removing display mode.o(.rrx_text), (6 bytes).
    Removing system_stm32f4xx.o(.rev16_text), (4 bytes).
    Removing system_stm32f4xx.o(.revsh_text), (4 bytes).
    Removing system_stm32f4xx.o(.rrx_text), (6 bytes).
    Removing system_stm32f4xx.o(i.SystemCoreClockUpdate), (192 bytes).
    Removing system_stm32f4xx.o(.constdata), (24 bytes).
    Removing system_stm32f4xx.o(.data), (4 bytes).

25 unused section(s) (total 352 bytes) removed from the image.

==============================================================================

Image Symbol Table

    Local Symbols

    Symbol Name                              Value     Ov Type        Size  Object(Section)

    ../clib/angel/boardlib.s                 0x00000000   Number         0  boardshut.o ABSOLUTE
    ../clib/angel/boardlib.s                 0x00000000   Number         0  boardinit1.o ABSOLUTE
    ../clib/angel/boardlib.s                 0x00000000   Number         0  boardinit2.o ABSOLUTE
    ../clib/angel/boardlib.s                 0x00000000   Number         0  boardinit3.o ABSOLUTE
    ../clib/angel/handlers.s                 0x00000000   Number         0  __scatter_zi.o ABSOLUTE
    ../clib/angel/handlers.s                 0x00000000   Number         0  __scatter_copy.o ABSOLUTE
    ../clib/angel/kernel.s                   0x00000000   Number         0  __rtentry2.o ABSOLUTE
    ../clib/angel/kernel.s                   0x00000000   Number         0  __rtentry.o ABSOLUTE
    ../clib/angel/kernel.s                   0x00000000   Number         0  rtexit2.o ABSOLUTE
    ../clib/angel/kernel.s                   0x00000000   Number         0  __rtentry4.o ABSOLUTE
    ../clib/angel/kernel.s                   0x00000000   Number         0  rtexit.o ABSOLUTE
    ../clib/angel/rt.s                       0x00000000   Number         0  rt_raise.o ABSOLUTE
    ../clib/angel/scatter.s                  0x00000000   Number         0  __scatter.o ABSOLUTE
    ../clib/angel/startup.s                  0x00000000   Number         0  __main.o ABSOLUTE
    ../clib/angel/sys.s                      0x00000000   Number         0  use_no_semi.o ABSOLUTE
    ../clib/angel/sys.s                      0x00000000   Number         0  indicate_semi.o ABSOLUTE
    ../clib/angel/sys.s                      0x00000000   Number         0  sys_stackheap_outer.o ABSOLUTE
    ../clib/angel/sys.s                      0x00000000   Number         0  libspace.o ABSOLUTE
    ../clib/angel/sysapp.c                   0x00000000   Number         0  sys_command.o ABSOLUTE
    ../clib/angel/sysapp.c                   0x00000000   Number         0  sys_exit.o ABSOLUTE
    ../clib/angel/sysapp.c                   0x00000000   Number         0  sys_wrch.o ABSOLUTE
    ../clib/armsys.c                         0x00000000   Number         0  argv_veneer.o ABSOLUTE
    ../clib/armsys.c                         0x00000000   Number         0  argv_veneer.o ABSOLUTE
    ../clib/armsys.c                         0x00000000   Number         0  no_argv.o ABSOLUTE
    ../clib/armsys.c                         0x00000000   Number         0  _get_argv_nomalloc.o ABSOLUTE
    ../clib/heapalloc.c                      0x00000000   Number         0  hrguard.o ABSOLUTE
    ../clib/heapaux.c                        0x00000000   Number         0  heapauxi.o ABSOLUTE
    ../clib/libinit.s                        0x00000000   Number         0  libinit2.o ABSOLUTE
    ../clib/libinit.s                        0x00000000   Number         0  libinit.o ABSOLUTE
    ../clib/libinit.s                        0x00000000   Number         0  libshutdown2.o ABSOLUTE
    ../clib/libinit.s                        0x00000000   Number         0  libshutdown.o ABSOLUTE
    ../clib/signal.c                         0x00000000   Number         0  defsig_rtmem_formal.o ABSOLUTE
    ../clib/signal.c                         0x00000000   Number         0  defsig_segv_inner.o ABSOLUTE
    ../clib/signal.c                         0x00000000   Number         0  defsig_cppl_inner.o ABSOLUTE
    ../clib/signal.c                         0x00000000   Number         0  defsig_exit.o ABSOLUTE
    ../clib/signal.c                         0x00000000   Number         0  defsig_rtmem_inner.o ABSOLUTE
    ../clib/signal.c                         0x00000000   Number         0  defsig_pvfn_inner.o ABSOLUTE
    ../clib/signal.c                         0x00000000   Number         0  defsig_stak_inner.o ABSOLUTE
    ../clib/signal.c                         0x00000000   Number         0  defsig_rtred_inner.o ABSOLUTE
    ../clib/signal.c                         0x00000000   Number         0  defsig_fpe_inner.o ABSOLUTE
    ../clib/signal.c                         0x00000000   Number         0  defsig_abrt_inner.o ABSOLUTE
    ../clib/signal.c                         0x00000000   Number         0  __raise.o ABSOLUTE
    ../clib/signal.c                         0x00000000   Number         0  defsig_general.o ABSOLUTE
    ../clib/signal.c                         0x00000000   Number         0  defsig_rtmem_outer.o ABSOLUTE
    ../clib/signal.c                         0x00000000   Number         0  defsig_other.o ABSOLUTE
    ../clib/signal.s                         0x00000000   Number         0  defsig.o ABSOLUTE
    ../clib/stdlib.c                         0x00000000   Number         0  exit.o ABSOLUTE
    ../fplib/fpinit.s                        0x00000000   Number         0  fpinit.o ABSOLUTE
    RTE\Device\STM32F411CEUx\startup_stm32f411xe.s 0x00000000   Number         0  startup_stm32f411xe.o ABSOLUTE
    RTE\Device\STM32F411CEUx\system_stm32f4xx.c 0x00000000   Number         0  system_stm32f4xx.o ABSOLUTE
    RTE\\Device\\STM32F411CEUx\\system_stm32f4xx.c 0x00000000   Number         0  system_stm32f4xx.o ABSOLUTE
    dc.s                                     0x00000000   Number         0  dc.o ABSOLUTE
    scr\LCD1602 driver.c                     0x00000000   Number         0  lcd1602 driver.o ABSOLUTE
    scr\\LCD1602 driver.c                    0x00000000   Number         0  lcd1602 driver.o ABSOLUTE
    scr\\clock and perif.c                   0x00000000   Number         0  clock and perif.o ABSOLUTE
    scr\\device mode.c                       0x00000000   Number         0  device mode.o ABSOLUTE
    scr\\display mode.c                      0x00000000   Number         0  display mode.o ABSOLUTE
    scr\\main.c                              0x00000000   Number         0  main.o ABSOLUTE
    scr\clock and perif.c                    0x00000000   Number         0  clock and perif.o ABSOLUTE
    scr\device mode.c                        0x00000000   Number         0  device mode.o ABSOLUTE
    scr\display mode.c                       0x00000000   Number         0  display mode.o ABSOLUTE
    scr\main.c                               0x00000000   Number         0  main.o ABSOLUTE
    RESET                                    0x08000000   Section      408  startup_stm32f411xe.o(RESET)
    !!!main                                  0x08000198   Section        8  __main.o(!!!main)
    !!!scatter                               0x080001a0   Section       52  __scatter.o(!!!scatter)
    !!handler_copy                           0x080001d4   Section       26  __scatter_copy.o(!!handler_copy)
    !!handler_zi                             0x080001f0   Section       28  __scatter_zi.o(!!handler_zi)
    .ARM.Collect$$libinit$$00000000          0x0800020c   Section        2  libinit.o(.ARM.Collect$$libinit$$00000000)
    .ARM.Collect$$libinit$$00000001          0x0800020e   Section        4  libinit2.o(.ARM.Collect$$libinit$$00000001)
    .ARM.Collect$$libinit$$00000004          0x08000212   Section        0  libinit2.o(.ARM.Collect$$libinit$$00000004)
    .ARM.Collect$$libinit$$0000000A          0x08000212   Section        0  libinit2.o(.ARM.Collect$$libinit$$0000000A)
    .ARM.Collect$$libinit$$0000000C          0x08000212   Section        0  libinit2.o(.ARM.Collect$$libinit$$0000000C)
    .ARM.Collect$$libinit$$0000000E          0x08000212   Section        0  libinit2.o(.ARM.Collect$$libinit$$0000000E)
    .ARM.Collect$$libinit$$00000011          0x08000212   Section        0  libinit2.o(.ARM.Collect$$libinit$$00000011)
    .ARM.Collect$$libinit$$00000013          0x08000212   Section        0  libinit2.o(.ARM.Collect$$libinit$$00000013)
    .ARM.Collect$$libinit$$00000015          0x08000212   Section        0  libinit2.o(.ARM.Collect$$libinit$$00000015)
    .ARM.Collect$$libinit$$00000017          0x08000212   Section        0  libinit2.o(.ARM.Collect$$libinit$$00000017)
    .ARM.Collect$$libinit$$00000019          0x08000212   Section        0  libinit2.o(.ARM.Collect$$libinit$$00000019)
    .ARM.Collect$$libinit$$0000001B          0x08000212   Section        0  libinit2.o(.ARM.Collect$$libinit$$0000001B)
    .ARM.Collect$$libinit$$0000001D          0x08000212   Section        0  libinit2.o(.ARM.Collect$$libinit$$0000001D)
    .ARM.Collect$$libinit$$0000001F          0x08000212   Section        0  libinit2.o(.ARM.Collect$$libinit$$0000001F)
    .ARM.Collect$$libinit$$00000021          0x08000212   Section        0  libinit2.o(.ARM.Collect$$libinit$$00000021)
    .ARM.Collect$$libinit$$00000023          0x08000212   Section        0  libinit2.o(.ARM.Collect$$libinit$$00000023)
    .ARM.Collect$$libinit$$00000025          0x08000212   Section        0  libinit2.o(.ARM.Collect$$libinit$$00000025)
    .ARM.Collect$$libinit$$0000002C          0x08000212   Section        0  libinit2.o(.ARM.Collect$$libinit$$0000002C)
    .ARM.Collect$$libinit$$0000002E          0x08000212   Section        0  libinit2.o(.ARM.Collect$$libinit$$0000002E)
    .ARM.Collect$$libinit$$00000030          0x08000212   Section        0  libinit2.o(.ARM.Collect$$libinit$$00000030)
    .ARM.Collect$$libinit$$00000032          0x08000212   Section        0  libinit2.o(.ARM.Collect$$libinit$$00000032)
    .ARM.Collect$$libinit$$00000033          0x08000212   Section        2  libinit2.o(.ARM.Collect$$libinit$$00000033)
    .ARM.Collect$$libshutdown$$00000000      0x08000214   Section        2  libshutdown.o(.ARM.Collect$$libshutdown$$00000000)
    .ARM.Collect$$libshutdown$$00000002      0x08000216   Section        0  libshutdown2.o(.ARM.Collect$$libshutdown$$00000002)
    .ARM.Collect$$libshutdown$$00000004      0x08000216   Section        0  libshutdown2.o(.ARM.Collect$$libshutdown$$00000004)
    .ARM.Collect$$libshutdown$$00000006      0x08000216   Section        0  libshutdown2.o(.ARM.Collect$$libshutdown$$00000006)
    .ARM.Collect$$libshutdown$$00000009      0x08000216   Section        0  libshutdown2.o(.ARM.Collect$$libshutdown$$00000009)
    .ARM.Collect$$libshutdown$$0000000C      0x08000216   Section        0  libshutdown2.o(.ARM.Collect$$libshutdown$$0000000C)
    .ARM.Collect$$libshutdown$$0000000E      0x08000216   Section        0  libshutdown2.o(.ARM.Collect$$libshutdown$$0000000E)
    .ARM.Collect$$libshutdown$$00000011      0x08000216   Section        0  libshutdown2.o(.ARM.Collect$$libshutdown$$00000011)
    .ARM.Collect$$libshutdown$$00000012      0x08000216   Section        2  libshutdown2.o(.ARM.Collect$$libshutdown$$00000012)
    .ARM.Collect$$rtentry$$00000000          0x08000218   Section        0  __rtentry.o(.ARM.Collect$$rtentry$$00000000)
    .ARM.Collect$$rtentry$$00000002          0x08000218   Section        0  __rtentry2.o(.ARM.Collect$$rtentry$$00000002)
    .ARM.Collect$$rtentry$$00000004          0x08000218   Section        6  __rtentry4.o(.ARM.Collect$$rtentry$$00000004)
    .ARM.Collect$$rtentry$$00000009          0x0800021e   Section        0  __rtentry2.o(.ARM.Collect$$rtentry$$00000009)
    .ARM.Collect$$rtentry$$0000000A          0x0800021e   Section        4  __rtentry2.o(.ARM.Collect$$rtentry$$0000000A)
    .ARM.Collect$$rtentry$$0000000C          0x08000222   Section        0  __rtentry2.o(.ARM.Collect$$rtentry$$0000000C)
    .ARM.Collect$$rtentry$$0000000D          0x08000222   Section        8  __rtentry2.o(.ARM.Collect$$rtentry$$0000000D)
    .ARM.Collect$$rtexit$$00000000           0x0800022a   Section        2  rtexit.o(.ARM.Collect$$rtexit$$00000000)
    .ARM.Collect$$rtexit$$00000002           0x0800022c   Section        0  rtexit2.o(.ARM.Collect$$rtexit$$00000002)
    .ARM.Collect$$rtexit$$00000003           0x0800022c   Section        4  rtexit2.o(.ARM.Collect$$rtexit$$00000003)
    .ARM.Collect$$rtexit$$00000004           0x08000230   Section        6  rtexit2.o(.ARM.Collect$$rtexit$$00000004)
    .text                                    0x08000238   Section       64  startup_stm32f411xe.o(.text)
    $v0                                      0x08000238   Number         0  startup_stm32f411xe.o(.text)
    .text                                    0x08000278   Section        0  heapauxi.o(.text)
    .text                                    0x0800027e   Section       74  sys_stackheap_outer.o(.text)
    .text                                    0x080002c8   Section        0  exit.o(.text)
    .text                                    0x080002dc   Section        8  libspace.o(.text)
    .text                                    0x080002e4   Section        0  sys_exit.o(.text)
    .text                                    0x080002f0   Section        2  use_no_semi.o(.text)
    .text                                    0x080002f2   Section        0  indicate_semi.o(.text)
    i.ADC_IRQHandler                         0x080002f4   Section        0  device mode.o(i.ADC_IRQHandler)
    i.Delay                                  0x08000398   Section        0  lcd1602 driver.o(i.Delay)
    i.EXTI3_IRQHandler                       0x080003a8   Section        0  device mode.o(i.EXTI3_IRQHandler)
    i.EXTI4_IRQHandler                       0x0800049c   Section        0  device mode.o(i.EXTI4_IRQHandler)
    i.EXTI9_5_IRQHandler                     0x0800065c   Section        0  device mode.o(i.EXTI9_5_IRQHandler)
    i.SystemInit                             0x080008fc   Section        0  system_stm32f4xx.o(i.SystemInit)
    i.TIM4_IRQHandler                        0x08000918   Section        0  device mode.o(i.TIM4_IRQHandler)
    i.TIM5_IRQHandler                        0x0800095c   Section        0  device mode.o(i.TIM5_IRQHandler)
    i.__NVIC_EnableIRQ                       0x08000988   Section        0  clock and perif.o(i.__NVIC_EnableIRQ)
    __NVIC_EnableIRQ                         0x08000989   Thumb Code    34  clock and perif.o(i.__NVIC_EnableIRQ)
    i.clearLcd                               0x080009aa   Section        0  lcd1602 driver.o(i.clearLcd)
    i.convertAdcDataToDisplay                0x080009b8   Section        0  display mode.o(i.convertAdcDataToDisplay)
    i.convertPeriodDataToDisplay             0x08000a0c   Section        0  display mode.o(i.convertPeriodDataToDisplay)
    i.convertPositionToAdress                0x08000a7c   Section        0  lcd1602 driver.o(i.convertPositionToAdress)
    i.deviceModeHandler                      0x08000a98   Section        0  device mode.o(i.deviceModeHandler)
    i.displayModeHandler                     0x08000ae0   Section        0  display mode.o(i.displayModeHandler)
    i.getAdcData                             0x08000db0   Section        0  device mode.o(i.getAdcData)
    i.getDelayTimeSetting                    0x08000dbc   Section        0  device mode.o(i.getDelayTimeSetting)
    i.getDutyCycleSetting                    0x08000dc8   Section        0  device mode.o(i.getDutyCycleSetting)
    i.getTimerTime                           0x08000dd4   Section        0  device mode.o(i.getTimerTime)
    i.getTimerTimeSetting                    0x08000de0   Section        0  device mode.o(i.getTimerTimeSetting)
    i.initAdc                                0x08000dec   Section        0  clock and perif.o(i.initAdc)
    i.initButton                             0x08000e58   Section        0  clock and perif.o(i.initButton)
    i.initClock                              0x08000fcc   Section        0  clock and perif.o(i.initClock)
    i.initI2c                                0x08001040   Section        0  clock and perif.o(i.initI2c)
    i.initLcd                                0x080010d8   Section        0  lcd1602 driver.o(i.initLcd)
    i.initSystem                             0x08001114   Section        0  clock and perif.o(i.initSystem)
    i.initTimer                              0x0800112c   Section        0  clock and perif.o(i.initTimer)
    i.main                                   0x08001268   Section        0  main.o(i.main)
    i.sendCurrentDataToDisplay               0x08001274   Section        0  display mode.o(i.sendCurrentDataToDisplay)
    i.sendI2cByte                            0x08001290   Section        0  lcd1602 driver.o(i.sendI2cByte)
    i.sendIntData3PointToDisplay             0x080012b8   Section        0  lcd1602 driver.o(i.sendIntData3PointToDisplay)
    i.sendIntData3ToDisplay                  0x0800132c   Section        0  lcd1602 driver.o(i.sendIntData3ToDisplay)
    i.sendLcdByte                            0x08001394   Section        0  lcd1602 driver.o(i.sendLcdByte)
    i.sendLcdCommand                         0x08001464   Section        0  lcd1602 driver.o(i.sendLcdCommand)
    i.sendLcdData                            0x08001476   Section        0  lcd1602 driver.o(i.sendLcdData)
    i.sendLcdString                          0x08001488   Section        0  lcd1602 driver.o(i.sendLcdString)
    i.sendLcdStringToPosition                0x080014a2   Section        0  lcd1602 driver.o(i.sendLcdStringToPosition)
    i.sendPeriodDataToDisplay                0x080014c8   Section        0  display mode.o(i.sendPeriodDataToDisplay)
    x$fpl$fpinit                             0x080014e4   Section       10  fpinit.o(x$fpl$fpinit)
    $v0                                      0x080014e4   Number         0  fpinit.o(x$fpl$fpinit)
    .data                                    0x20000000   Section       28  main.o(.data)
    .data                                    0x2000001c   Section       52  device mode.o(.data)
    .data                                    0x20000050   Section       40  display mode.o(.data)
    .bss                                     0x20000078   Section       96  libspace.o(.bss)
    HEAP                                     0x200000d8   Section      512  startup_stm32f411xe.o(HEAP)
    Heap_Mem                                 0x200000d8   Data         512  startup_stm32f411xe.o(HEAP)
    STACK                                    0x200002d8   Section     1024  startup_stm32f411xe.o(STACK)
    Stack_Mem                                0x200002d8   Data        1024  startup_stm32f411xe.o(STACK)
    __initial_sp                             0x200006d8   Data           0  startup_stm32f411xe.o(STACK)

    Global Symbols

    Symbol Name                              Value     Ov Type        Size  Object(Section)

    BuildAttributes$$THM_ISAv4$E$P$D$K$B$S$7EM$VFPi3$EXTD16$VFPS$VFMA$PE$A:L22UL41UL21$X:L11$S22US41US21$IEEE1$IW$USESV6$~STKCKD$USESV7$~SHL$OSPACE$ROPI$EBA8$UX$STANDARDLIB$REQ8$PRES8$EABIv2 0x00000000   Number         0  anon$$obj.o ABSOLUTE
    __ARM_use_no_argv                        0x00000000   Number         0  main.o ABSOLUTE
    __ARM_exceptions_init                     - Undefined Weak Reference
    __alloca_initialize                       - Undefined Weak Reference
    __arm_fini_                               - Undefined Weak Reference
    __arm_preinit_                            - Undefined Weak Reference
    __cpp_initialize__aeabi_                  - Undefined Weak Reference
    __cxa_finalize                            - Undefined Weak Reference
    __rt_locale                               - Undefined Weak Reference
    __sigvec_lookup                           - Undefined Weak Reference
    _atexit_init                              - Undefined Weak Reference
    _call_atexit_fns                          - Undefined Weak Reference
    _clock_init                               - Undefined Weak Reference
    _fp_trap_init                             - Undefined Weak Reference
    _fp_trap_shutdown                         - Undefined Weak Reference
    _get_lc_collate                           - Undefined Weak Reference
    _get_lc_ctype                             - Undefined Weak Reference
    _get_lc_monetary                          - Undefined Weak Reference
    _get_lc_numeric                           - Undefined Weak Reference
    _get_lc_time                              - Undefined Weak Reference
    _getenv_init                              - Undefined Weak Reference
    _handle_redirection                       - Undefined Weak Reference
    _init_alloc                               - Undefined Weak Reference
    _init_user_alloc                          - Undefined Weak Reference
    _initio                                   - Undefined Weak Reference
    _rand_init                                - Undefined Weak Reference
    _signal_finish                            - Undefined Weak Reference
    _signal_init                              - Undefined Weak Reference
    _terminate_alloc                          - Undefined Weak Reference
    _terminate_user_alloc                     - Undefined Weak Reference
    _terminateio                              - Undefined Weak Reference
    __Vectors_Size                           0x00000198   Number         0  startup_stm32f411xe.o ABSOLUTE
    __Vectors                                0x08000000   Data           4  startup_stm32f411xe.o(RESET)
    __Vectors_End                            0x08000198   Data           0  startup_stm32f411xe.o(RESET)
    __main                                   0x08000199   Thumb Code     8  __main.o(!!!main)
    __scatterload                            0x080001a1   Thumb Code     0  __scatter.o(!!!scatter)
    __scatterload_rt2                        0x080001a1   Thumb Code    44  __scatter.o(!!!scatter)
    __scatterload_rt2_thumb_only             0x080001a1   Thumb Code     0  __scatter.o(!!!scatter)
    __scatterload_null                       0x080001af   Thumb Code     0  __scatter.o(!!!scatter)
    __scatterload_copy                       0x080001d5   Thumb Code    26  __scatter_copy.o(!!handler_copy)
    __scatterload_zeroinit                   0x080001f1   Thumb Code    28  __scatter_zi.o(!!handler_zi)
    __rt_lib_init                            0x0800020d   Thumb Code     0  libinit.o(.ARM.Collect$$libinit$$00000000)
    __rt_lib_init_fp_1                       0x0800020f   Thumb Code     0  libinit2.o(.ARM.Collect$$libinit$$00000001)
    __rt_lib_init_alloca_1                   0x08000213   Thumb Code     0  libinit2.o(.ARM.Collect$$libinit$$0000002E)
    __rt_lib_init_argv_1                     0x08000213   Thumb Code     0  libinit2.o(.ARM.Collect$$libinit$$0000002C)
    __rt_lib_init_atexit_1                   0x08000213   Thumb Code     0  libinit2.o(.ARM.Collect$$libinit$$0000001B)
    __rt_lib_init_clock_1                    0x08000213   Thumb Code     0  libinit2.o(.ARM.Collect$$libinit$$00000021)
    __rt_lib_init_cpp_1                      0x08000213   Thumb Code     0  libinit2.o(.ARM.Collect$$libinit$$00000032)
    __rt_lib_init_exceptions_1               0x08000213   Thumb Code     0  libinit2.o(.ARM.Collect$$libinit$$00000030)
    __rt_lib_init_fp_trap_1                  0x08000213   Thumb Code     0  libinit2.o(.ARM.Collect$$libinit$$0000001F)
    __rt_lib_init_getenv_1                   0x08000213   Thumb Code     0  libinit2.o(.ARM.Collect$$libinit$$00000023)
    __rt_lib_init_heap_1                     0x08000213   Thumb Code     0  libinit2.o(.ARM.Collect$$libinit$$0000000A)
    __rt_lib_init_lc_collate_1               0x08000213   Thumb Code     0  libinit2.o(.ARM.Collect$$libinit$$00000011)
    __rt_lib_init_lc_ctype_1                 0x08000213   Thumb Code     0  libinit2.o(.ARM.Collect$$libinit$$00000013)
    __rt_lib_init_lc_monetary_1              0x08000213   Thumb Code     0  libinit2.o(.ARM.Collect$$libinit$$00000015)
    __rt_lib_init_lc_numeric_1               0x08000213   Thumb Code     0  libinit2.o(.ARM.Collect$$libinit$$00000017)
    __rt_lib_init_lc_time_1                  0x08000213   Thumb Code     0  libinit2.o(.ARM.Collect$$libinit$$00000019)
    __rt_lib_init_preinit_1                  0x08000213   Thumb Code     0  libinit2.o(.ARM.Collect$$libinit$$00000004)
    __rt_lib_init_rand_1                     0x08000213   Thumb Code     0  libinit2.o(.ARM.Collect$$libinit$$0000000E)
    __rt_lib_init_return                     0x08000213   Thumb Code     0  libinit2.o(.ARM.Collect$$libinit$$00000033)
    __rt_lib_init_signal_1                   0x08000213   Thumb Code     0  libinit2.o(.ARM.Collect$$libinit$$0000001D)
    __rt_lib_init_stdio_1                    0x08000213   Thumb Code     0  libinit2.o(.ARM.Collect$$libinit$$00000025)
    __rt_lib_init_user_alloc_1               0x08000213   Thumb Code     0  libinit2.o(.ARM.Collect$$libinit$$0000000C)
    __rt_lib_shutdown                        0x08000215   Thumb Code     0  libshutdown.o(.ARM.Collect$$libshutdown$$00000000)
    __rt_lib_shutdown_cpp_1                  0x08000217   Thumb Code     0  libshutdown2.o(.ARM.Collect$$libshutdown$$00000004)
    __rt_lib_shutdown_fini_1                 0x08000217   Thumb Code     0  libshutdown2.o(.ARM.Collect$$libshutdown$$00000002)
    __rt_lib_shutdown_fp_trap_1              0x08000217   Thumb Code     0  libshutdown2.o(.ARM.Collect$$libshutdown$$00000009)
    __rt_lib_shutdown_heap_1                 0x08000217   Thumb Code     0  libshutdown2.o(.ARM.Collect$$libshutdown$$00000011)
    __rt_lib_shutdown_return                 0x08000217   Thumb Code     0  libshutdown2.o(.ARM.Collect$$libshutdown$$00000012)
    __rt_lib_shutdown_signal_1               0x08000217   Thumb Code     0  libshutdown2.o(.ARM.Collect$$libshutdown$$0000000C)
    __rt_lib_shutdown_stdio_1                0x08000217   Thumb Code     0  libshutdown2.o(.ARM.Collect$$libshutdown$$00000006)
    __rt_lib_shutdown_user_alloc_1           0x08000217   Thumb Code     0  libshutdown2.o(.ARM.Collect$$libshutdown$$0000000E)
    __rt_entry                               0x08000219   Thumb Code     0  __rtentry.o(.ARM.Collect$$rtentry$$00000000)
    __rt_entry_presh_1                       0x08000219   Thumb Code     0  __rtentry2.o(.ARM.Collect$$rtentry$$00000002)
    __rt_entry_sh                            0x08000219   Thumb Code     0  __rtentry4.o(.ARM.Collect$$rtentry$$00000004)
    __rt_entry_li                            0x0800021f   Thumb Code     0  __rtentry2.o(.ARM.Collect$$rtentry$$0000000A)
    __rt_entry_postsh_1                      0x0800021f   Thumb Code     0  __rtentry2.o(.ARM.Collect$$rtentry$$00000009)
    __rt_entry_main                          0x08000223   Thumb Code     0  __rtentry2.o(.ARM.Collect$$rtentry$$0000000D)
    __rt_entry_postli_1                      0x08000223   Thumb Code     0  __rtentry2.o(.ARM.Collect$$rtentry$$0000000C)
    __rt_exit                                0x0800022b   Thumb Code     0  rtexit.o(.ARM.Collect$$rtexit$$00000000)
    __rt_exit_ls                             0x0800022d   Thumb Code     0  rtexit2.o(.ARM.Collect$$rtexit$$00000003)
    __rt_exit_prels_1                        0x0800022d   Thumb Code     0  rtexit2.o(.ARM.Collect$$rtexit$$00000002)
    __rt_exit_exit                           0x08000231   Thumb Code     0  rtexit2.o(.ARM.Collect$$rtexit$$00000004)
    Reset_Handler                            0x08000239   Thumb Code     8  startup_stm32f411xe.o(.text)
    NMI_Handler                              0x08000241   Thumb Code     2  startup_stm32f411xe.o(.text)
    HardFault_Handler                        0x08000243   Thumb Code     2  startup_stm32f411xe.o(.text)
    MemManage_Handler                        0x08000245   Thumb Code     2  startup_stm32f411xe.o(.text)
    BusFault_Handler                         0x08000247   Thumb Code     2  startup_stm32f411xe.o(.text)
    UsageFault_Handler                       0x08000249   Thumb Code     2  startup_stm32f411xe.o(.text)
    SVC_Handler                              0x0800024b   Thumb Code     2  startup_stm32f411xe.o(.text)
    DebugMon_Handler                         0x0800024d   Thumb Code     2  startup_stm32f411xe.o(.text)
    PendSV_Handler                           0x0800024f   Thumb Code     2  startup_stm32f411xe.o(.text)
    SysTick_Handler                          0x08000251   Thumb Code     2  startup_stm32f411xe.o(.text)
    DMA1_Stream0_IRQHandler                  0x08000253   Thumb Code     0  startup_stm32f411xe.o(.text)
    DMA1_Stream1_IRQHandler                  0x08000253   Thumb Code     0  startup_stm32f411xe.o(.text)
    DMA1_Stream2_IRQHandler                  0x08000253   Thumb Code     0  startup_stm32f411xe.o(.text)
    DMA1_Stream3_IRQHandler                  0x08000253   Thumb Code     0  startup_stm32f411xe.o(.text)
    DMA1_Stream4_IRQHandler                  0x08000253   Thumb Code     0  startup_stm32f411xe.o(.text)
    DMA1_Stream5_IRQHandler                  0x08000253   Thumb Code     0  startup_stm32f411xe.o(.text)
    DMA1_Stream6_IRQHandler                  0x08000253   Thumb Code     0  startup_stm32f411xe.o(.text)
    DMA1_Stream7_IRQHandler                  0x08000253   Thumb Code     0  startup_stm32f411xe.o(.text)
    DMA2_Stream0_IRQHandler                  0x08000253   Thumb Code     0  startup_stm32f411xe.o(.text)
    DMA2_Stream1_IRQHandler                  0x08000253   Thumb Code     0  startup_stm32f411xe.o(.text)
    DMA2_Stream2_IRQHandler                  0x08000253   Thumb Code     0  startup_stm32f411xe.o(.text)
    DMA2_Stream3_IRQHandler                  0x08000253   Thumb Code     0  startup_stm32f411xe.o(.text)
    DMA2_Stream4_IRQHandler                  0x08000253   Thumb Code     0  startup_stm32f411xe.o(.text)
    DMA2_Stream5_IRQHandler                  0x08000253   Thumb Code     0  startup_stm32f411xe.o(.text)
    DMA2_Stream6_IRQHandler                  0x08000253   Thumb Code     0  startup_stm32f411xe.o(.text)
    DMA2_Stream7_IRQHandler                  0x08000253   Thumb Code     0  startup_stm32f411xe.o(.text)
    EXTI0_IRQHandler                         0x08000253   Thumb Code     0  startup_stm32f411xe.o(.text)
    EXTI15_10_IRQHandler                     0x08000253   Thumb Code     0  startup_stm32f411xe.o(.text)
    EXTI1_IRQHandler                         0x08000253   Thumb Code     0  startup_stm32f411xe.o(.text)
    EXTI2_IRQHandler                         0x08000253   Thumb Code     0  startup_stm32f411xe.o(.text)
    FLASH_IRQHandler                         0x08000253   Thumb Code     0  startup_stm32f411xe.o(.text)
    FPU_IRQHandler                           0x08000253   Thumb Code     0  startup_stm32f411xe.o(.text)
    I2C1_ER_IRQHandler                       0x08000253   Thumb Code     0  startup_stm32f411xe.o(.text)
    I2C1_EV_IRQHandler                       0x08000253   Thumb Code     0  startup_stm32f411xe.o(.text)
    I2C2_ER_IRQHandler                       0x08000253   Thumb Code     0  startup_stm32f411xe.o(.text)
    I2C2_EV_IRQHandler                       0x08000253   Thumb Code     0  startup_stm32f411xe.o(.text)
    I2C3_ER_IRQHandler                       0x08000253   Thumb Code     0  startup_stm32f411xe.o(.text)
    I2C3_EV_IRQHandler                       0x08000253   Thumb Code     0  startup_stm32f411xe.o(.text)
    OTG_FS_IRQHandler                        0x08000253   Thumb Code     0  startup_stm32f411xe.o(.text)
    OTG_FS_WKUP_IRQHandler                   0x08000253   Thumb Code     0  startup_stm32f411xe.o(.text)
    PVD_IRQHandler                           0x08000253   Thumb Code     0  startup_stm32f411xe.o(.text)
    RCC_IRQHandler                           0x08000253   Thumb Code     0  startup_stm32f411xe.o(.text)
    RTC_Alarm_IRQHandler                     0x08000253   Thumb Code     0  startup_stm32f411xe.o(.text)
    RTC_WKUP_IRQHandler                      0x08000253   Thumb Code     0  startup_stm32f411xe.o(.text)
    SDIO_IRQHandler                          0x08000253   Thumb Code     0  startup_stm32f411xe.o(.text)
    SPI1_IRQHandler                          0x08000253   Thumb Code     0  startup_stm32f411xe.o(.text)
    SPI2_IRQHandler                          0x08000253   Thumb Code     0  startup_stm32f411xe.o(.text)
    SPI3_IRQHandler                          0x08000253   Thumb Code     0  startup_stm32f411xe.o(.text)
    SPI4_IRQHandler                          0x08000253   Thumb Code     0  startup_stm32f411xe.o(.text)
    SPI5_IRQHandler                          0x08000253   Thumb Code     0  startup_stm32f411xe.o(.text)
    TAMP_STAMP_IRQHandler                    0x08000253   Thumb Code     0  startup_stm32f411xe.o(.text)
    TIM1_BRK_TIM9_IRQHandler                 0x08000253   Thumb Code     0  startup_stm32f411xe.o(.text)
    TIM1_CC_IRQHandler                       0x08000253   Thumb Code     0  startup_stm32f411xe.o(.text)
    TIM1_TRG_COM_TIM11_IRQHandler            0x08000253   Thumb Code     0  startup_stm32f411xe.o(.text)
    TIM1_UP_TIM10_IRQHandler                 0x08000253   Thumb Code     0  startup_stm32f411xe.o(.text)
    TIM2_IRQHandler                          0x08000253   Thumb Code     0  startup_stm32f411xe.o(.text)
    TIM3_IRQHandler                          0x08000253   Thumb Code     0  startup_stm32f411xe.o(.text)
    USART1_IRQHandler                        0x08000253   Thumb Code     0  startup_stm32f411xe.o(.text)
    USART2_IRQHandler                        0x08000253   Thumb Code     0  startup_stm32f411xe.o(.text)
    USART6_IRQHandler                        0x08000253   Thumb Code     0  startup_stm32f411xe.o(.text)
    WWDG_IRQHandler                          0x08000253   Thumb Code     0  startup_stm32f411xe.o(.text)
    __user_initial_stackheap                 0x08000255   Thumb Code     0  startup_stm32f411xe.o(.text)
    __use_two_region_memory                  0x08000279   Thumb Code     2  heapauxi.o(.text)
    __rt_heap_escrow$2region                 0x0800027b   Thumb Code     2  heapauxi.o(.text)
    __rt_heap_expand$2region                 0x0800027d   Thumb Code     2  heapauxi.o(.text)
    __user_setup_stackheap                   0x0800027f   Thumb Code    74  sys_stackheap_outer.o(.text)
    exit                                     0x080002c9   Thumb Code    18  exit.o(.text)
    __user_libspace                          0x080002dd   Thumb Code     8  libspace.o(.text)
    __user_perproc_libspace                  0x080002dd   Thumb Code     0  libspace.o(.text)
    __user_perthread_libspace                0x080002dd   Thumb Code     0  libspace.o(.text)
    _sys_exit                                0x080002e5   Thumb Code     8  sys_exit.o(.text)
    __I$use$semihosting                      0x080002f1   Thumb Code     0  use_no_semi.o(.text)
    __use_no_semihosting_swi                 0x080002f1   Thumb Code     2  use_no_semi.o(.text)
    __semihosting_library_function           0x080002f3   Thumb Code     0  indicate_semi.o(.text)
    ADC_IRQHandler                           0x080002f5   Thumb Code   136  device mode.o(i.ADC_IRQHandler)
    Delay                                    0x08000399   Thumb Code    16  lcd1602 driver.o(i.Delay)
    EXTI3_IRQHandler                         0x080003a9   Thumb Code   204  device mode.o(i.EXTI3_IRQHandler)
    EXTI4_IRQHandler                         0x0800049d   Thumb Code   400  device mode.o(i.EXTI4_IRQHandler)
    EXTI9_5_IRQHandler                       0x0800065d   Thumb Code   594  device mode.o(i.EXTI9_5_IRQHandler)
    SystemInit                               0x080008fd   Thumb Code    24  system_stm32f4xx.o(i.SystemInit)
    TIM4_IRQHandler                          0x08000919   Thumb Code    52  device mode.o(i.TIM4_IRQHandler)
    TIM5_IRQHandler                          0x0800095d   Thumb Code    32  device mode.o(i.TIM5_IRQHandler)
    clearLcd                                 0x080009ab   Thumb Code    12  lcd1602 driver.o(i.clearLcd)
    convertAdcDataToDisplay                  0x080009b9   Thumb Code    76  display mode.o(i.convertAdcDataToDisplay)
    convertPeriodDataToDisplay               0x08000a0d   Thumb Code   100  display mode.o(i.convertPeriodDataToDisplay)
    convertPositionToAdress                  0x08000a7d   Thumb Code    26  lcd1602 driver.o(i.convertPositionToAdress)
    deviceModeHandler                        0x08000a99   Thumb Code    66  device mode.o(i.deviceModeHandler)
    displayModeHandler                       0x08000ae1   Thumb Code   574  display mode.o(i.displayModeHandler)
    getAdcData                               0x08000db1   Thumb Code     6  device mode.o(i.getAdcData)
    getDelayTimeSetting                      0x08000dbd   Thumb Code     6  device mode.o(i.getDelayTimeSetting)
    getDutyCycleSetting                      0x08000dc9   Thumb Code     6  device mode.o(i.getDutyCycleSetting)
    getTimerTime                             0x08000dd5   Thumb Code     6  device mode.o(i.getTimerTime)
    getTimerTimeSetting                      0x08000de1   Thumb Code     6  device mode.o(i.getTimerTimeSetting)
    initAdc                                  0x08000ded   Thumb Code    90  clock and perif.o(i.initAdc)
    initButton                               0x08000e59   Thumb Code   360  clock and perif.o(i.initButton)
    initClock                                0x08000fcd   Thumb Code   104  clock and perif.o(i.initClock)
    initI2c                                  0x08001041   Thumb Code   144  clock and perif.o(i.initI2c)
    initLcd                                  0x080010d9   Thumb Code    60  lcd1602 driver.o(i.initLcd)
    initSystem                               0x08001115   Thumb Code    24  clock and perif.o(i.initSystem)
    initTimer                                0x0800112d   Thumb Code   290  clock and perif.o(i.initTimer)
    main                                     0x08001269   Thumb Code    12  main.o(i.main)
    sendCurrentDataToDisplay                 0x08001275   Thumb Code    24  display mode.o(i.sendCurrentDataToDisplay)
    sendI2cByte                              0x08001291   Thumb Code    36  lcd1602 driver.o(i.sendI2cByte)
    sendIntData3PointToDisplay               0x080012b9   Thumb Code   116  lcd1602 driver.o(i.sendIntData3PointToDisplay)
    sendIntData3ToDisplay                    0x0800132d   Thumb Code   102  lcd1602 driver.o(i.sendIntData3ToDisplay)
    sendLcdByte                              0x08001395   Thumb Code   204  lcd1602 driver.o(i.sendLcdByte)
    sendLcdCommand                           0x08001465   Thumb Code    18  lcd1602 driver.o(i.sendLcdCommand)
    sendLcdData                              0x08001477   Thumb Code    18  lcd1602 driver.o(i.sendLcdData)
    sendLcdString                            0x08001489   Thumb Code    26  lcd1602 driver.o(i.sendLcdString)
    sendLcdStringToPosition                  0x080014a3   Thumb Code    36  lcd1602 driver.o(i.sendLcdStringToPosition)
    sendPeriodDataToDisplay                  0x080014c9   Thumb Code    24  display mode.o(i.sendPeriodDataToDisplay)
    _fp_init                                 0x080014e5   Thumb Code    10  fpinit.o(x$fpl$fpinit)
    __fplib_config_fpu_vfp                   0x080014ed   Thumb Code     0  fpinit.o(x$fpl$fpinit)
    __fplib_config_pureend_doubles           0x080014ed   Thumb Code     0  fpinit.o(x$fpl$fpinit)
    Region$$Table$$Base                      0x080014f0   Number         0  anon$$obj.o(Region$$Table)
    Region$$Table$$Limit                     0x08001510   Number         0  anon$$obj.o(Region$$Table)
    n                                        0x20000000   Data           4  main.o(.data)
    count_TIM1                               0x20000004   Data           4  main.o(.data)
    count_over                               0x20000008   Data           4  main.o(.data)
    displayMode                              0x2000000c   Data           4  main.o(.data)
    deviceMode                               0x20000010   Data           4  main.o(.data)
    timerMode                                0x20000014   Data           4  main.o(.data)
    impulseMode                              0x20000018   Data           4  main.o(.data)
    DATA_ADC                                 0x2000001c   Data           4  device mode.o(.data)
    DATA_AVR                                 0x20000020   Data           4  device mode.o(.data)
    nConversationForAverage                  0x20000024   Data           4  device mode.o(.data)
    nCountAdc                                0x20000028   Data           4  device mode.o(.data)
    adcData                                  0x2000002c   Data           4  device mode.o(.data)
    b1                                       0x20000030   Data           4  device mode.o(.data)
    b2                                       0x20000034   Data           4  device mode.o(.data)
    b3                                       0x20000038   Data           4  device mode.o(.data)
    b4                                       0x2000003c   Data           4  device mode.o(.data)
    nTimerTime                               0x20000040   Data           4  device mode.o(.data)
    setTimerTime                             0x20000044   Data           4  device mode.o(.data)
    setDutyCycle                             0x20000048   Data           4  device mode.o(.data)
    setDelayTime                             0x2000004c   Data           4  device mode.o(.data)
    stringCurrent                            0x20000050   Data           4  display mode.o(.data)
    srtingPeriod                             0x20000054   Data           4  display mode.o(.data)
    stringDutyCycle                          0x20000058   Data           4  display mode.o(.data)
    stringDelayTime                          0x2000005c   Data           4  display mode.o(.data)
    dataCurrent                              0x20000060   Data           4  display mode.o(.data)
    dataPeriod                               0x20000064   Data           4  display mode.o(.data)
    but1                                     0x20000068   Data           4  display mode.o(.data)
    but2                                     0x2000006c   Data           4  display mode.o(.data)
    but3                                     0x20000070   Data           4  display mode.o(.data)
    but4                                     0x20000074   Data           4  display mode.o(.data)
    __libspace_start                         0x20000078   Data          96  libspace.o(.bss)
    __temporary_stack_top$libspace           0x200000d8   Data           0  libspace.o(.bss)



==============================================================================

Memory Map of the image

  Image Entry point : 0x08000239

  Load Region LR_1 (Base: 0x08000000, Size: 0x00001588, Max: 0xffffffff, ABSOLUTE)

    Execution Region ER_RO (Exec base: 0x08000000, Load base: 0x08000000, Size: 0x00001510, Max: 0xffffffff, ABSOLUTE)

    Exec Addr    Load Addr    Size         Type   Attr      Idx    E Section Name        Object

    0x08000000   0x08000000   0x00000198   Data   RO          411    RESET               startup_stm32f411xe.o
    0x08000198   0x08000198   0x00000008   Code   RO          457  * !!!main             c_w.l(__main.o)
    0x080001a0   0x080001a0   0x00000034   Code   RO          616    !!!scatter          c_w.l(__scatter.o)
    0x080001d4   0x080001d4   0x0000001a   Code   RO          618    !!handler_copy      c_w.l(__scatter_copy.o)
    0x080001ee   0x080001ee   0x00000002   PAD
    0x080001f0   0x080001f0   0x0000001c   Code   RO          620    !!handler_zi        c_w.l(__scatter_zi.o)
    0x0800020c   0x0800020c   0x00000002   Code   RO          484    .ARM.Collect$$libinit$$00000000  c_w.l(libinit.o)
    0x0800020e   0x0800020e   0x00000004   Code   RO          490    .ARM.Collect$$libinit$$00000001  c_w.l(libinit2.o)
    0x08000212   0x08000212   0x00000000   Code   RO          493    .ARM.Collect$$libinit$$00000004  c_w.l(libinit2.o)
    0x08000212   0x08000212   0x00000000   Code   RO          496    .ARM.Collect$$libinit$$0000000A  c_w.l(libinit2.o)
    0x08000212   0x08000212   0x00000000   Code   RO          498    .ARM.Collect$$libinit$$0000000C  c_w.l(libinit2.o)
    0x08000212   0x08000212   0x00000000   Code   RO          500    .ARM.Collect$$libinit$$0000000E  c_w.l(libinit2.o)
    0x08000212   0x08000212   0x00000000   Code   RO          503    .ARM.Collect$$libinit$$00000011  c_w.l(libinit2.o)
    0x08000212   0x08000212   0x00000000   Code   RO          505    .ARM.Collect$$libinit$$00000013  c_w.l(libinit2.o)
    0x08000212   0x08000212   0x00000000   Code   RO          507    .ARM.Collect$$libinit$$00000015  c_w.l(libinit2.o)
    0x08000212   0x08000212   0x00000000   Code   RO          509    .ARM.Collect$$libinit$$00000017  c_w.l(libinit2.o)
    0x08000212   0x08000212   0x00000000   Code   RO          511    .ARM.Collect$$libinit$$00000019  c_w.l(libinit2.o)
    0x08000212   0x08000212   0x00000000   Code   RO          513    .ARM.Collect$$libinit$$0000001B  c_w.l(libinit2.o)
    0x08000212   0x08000212   0x00000000   Code   RO          515    .ARM.Collect$$libinit$$0000001D  c_w.l(libinit2.o)
    0x08000212   0x08000212   0x00000000   Code   RO          517    .ARM.Collect$$libinit$$0000001F  c_w.l(libinit2.o)
    0x08000212   0x08000212   0x00000000   Code   RO          519    .ARM.Collect$$libinit$$00000021  c_w.l(libinit2.o)
    0x08000212   0x08000212   0x00000000   Code   RO          521    .ARM.Collect$$libinit$$00000023  c_w.l(libinit2.o)
    0x08000212   0x08000212   0x00000000   Code   RO          523    .ARM.Collect$$libinit$$00000025  c_w.l(libinit2.o)
    0x08000212   0x08000212   0x00000000   Code   RO          527    .ARM.Collect$$libinit$$0000002C  c_w.l(libinit2.o)
    0x08000212   0x08000212   0x00000000   Code   RO          529    .ARM.Collect$$libinit$$0000002E  c_w.l(libinit2.o)
    0x08000212   0x08000212   0x00000000   Code   RO          531    .ARM.Collect$$libinit$$00000030  c_w.l(libinit2.o)
    0x08000212   0x08000212   0x00000000   Code   RO          533    .ARM.Collect$$libinit$$00000032  c_w.l(libinit2.o)
    0x08000212   0x08000212   0x00000002   Code   RO          534    .ARM.Collect$$libinit$$00000033  c_w.l(libinit2.o)
    0x08000214   0x08000214   0x00000002   Code   RO          554    .ARM.Collect$$libshutdown$$00000000  c_w.l(libshutdown.o)
    0x08000216   0x08000216   0x00000000   Code   RO          567    .ARM.Collect$$libshutdown$$00000002  c_w.l(libshutdown2.o)
    0x08000216   0x08000216   0x00000000   Code   RO          569    .ARM.Collect$$libshutdown$$00000004  c_w.l(libshutdown2.o)
    0x08000216   0x08000216   0x00000000   Code   RO          571    .ARM.Collect$$libshutdown$$00000006  c_w.l(libshutdown2.o)
    0x08000216   0x08000216   0x00000000   Code   RO          574    .ARM.Collect$$libshutdown$$00000009  c_w.l(libshutdown2.o)
    0x08000216   0x08000216   0x00000000   Code   RO          577    .ARM.Collect$$libshutdown$$0000000C  c_w.l(libshutdown2.o)
    0x08000216   0x08000216   0x00000000   Code   RO          579    .ARM.Collect$$libshutdown$$0000000E  c_w.l(libshutdown2.o)
    0x08000216   0x08000216   0x00000000   Code   RO          582    .ARM.Collect$$libshutdown$$00000011  c_w.l(libshutdown2.o)
    0x08000216   0x08000216   0x00000002   Code   RO          583    .ARM.Collect$$libshutdown$$00000012  c_w.l(libshutdown2.o)
    0x08000218   0x08000218   0x00000000   Code   RO          459    .ARM.Collect$$rtentry$$00000000  c_w.l(__rtentry.o)
    0x08000218   0x08000218   0x00000000   Code   RO          461    .ARM.Collect$$rtentry$$00000002  c_w.l(__rtentry2.o)
    0x08000218   0x08000218   0x00000006   Code   RO          473    .ARM.Collect$$rtentry$$00000004  c_w.l(__rtentry4.o)
    0x0800021e   0x0800021e   0x00000000   Code   RO          463    .ARM.Collect$$rtentry$$00000009  c_w.l(__rtentry2.o)
    0x0800021e   0x0800021e   0x00000004   Code   RO          464    .ARM.Collect$$rtentry$$0000000A  c_w.l(__rtentry2.o)
    0x08000222   0x08000222   0x00000000   Code   RO          466    .ARM.Collect$$rtentry$$0000000C  c_w.l(__rtentry2.o)
    0x08000222   0x08000222   0x00000008   Code   RO          467    .ARM.Collect$$rtentry$$0000000D  c_w.l(__rtentry2.o)
    0x0800022a   0x0800022a   0x00000002   Code   RO          488    .ARM.Collect$$rtexit$$00000000  c_w.l(rtexit.o)
    0x0800022c   0x0800022c   0x00000000   Code   RO          536    .ARM.Collect$$rtexit$$00000002  c_w.l(rtexit2.o)
    0x0800022c   0x0800022c   0x00000004   Code   RO          537    .ARM.Collect$$rtexit$$00000003  c_w.l(rtexit2.o)
    0x08000230   0x08000230   0x00000006   Code   RO          538    .ARM.Collect$$rtexit$$00000004  c_w.l(rtexit2.o)
    0x08000236   0x08000236   0x00000002   PAD
    0x08000238   0x08000238   0x00000040   Code   RO          412  * .text               startup_stm32f411xe.o
    0x08000278   0x08000278   0x00000006   Code   RO          455    .text               c_w.l(heapauxi.o)
    0x0800027e   0x0800027e   0x0000004a   Code   RO          475    .text               c_w.l(sys_stackheap_outer.o)
    0x080002c8   0x080002c8   0x00000012   Code   RO          477    .text               c_w.l(exit.o)
    0x080002da   0x080002da   0x00000002   PAD
    0x080002dc   0x080002dc   0x00000008   Code   RO          485    .text               c_w.l(libspace.o)
    0x080002e4   0x080002e4   0x0000000c   Code   RO          546    .text               c_w.l(sys_exit.o)
    0x080002f0   0x080002f0   0x00000002   Code   RO          557    .text               c_w.l(use_no_semi.o)
    0x080002f2   0x080002f2   0x00000000   Code   RO          559    .text               c_w.l(indicate_semi.o)
    0x080002f2   0x080002f2   0x00000002   PAD
    0x080002f4   0x080002f4   0x000000a4   Code   RO           69    i.ADC_IRQHandler    device mode.o
    0x08000398   0x08000398   0x00000010   Code   RO          197    i.Delay             lcd1602 driver.o
    0x080003a8   0x080003a8   0x000000f4   Code   RO           70    i.EXTI3_IRQHandler  device mode.o
    0x0800049c   0x0800049c   0x000001c0   Code   RO           71    i.EXTI4_IRQHandler  device mode.o
    0x0800065c   0x0800065c   0x000002a0   Code   RO           72    i.EXTI9_5_IRQHandler  device mode.o
    0x080008fc   0x080008fc   0x0000001c   Code   RO          420    i.SystemInit        system_stm32f4xx.o
    0x08000918   0x08000918   0x00000044   Code   RO           73    i.TIM4_IRQHandler   device mode.o
    0x0800095c   0x0800095c   0x0000002c   Code   RO           74    i.TIM5_IRQHandler   device mode.o
    0x08000988   0x08000988   0x00000022   Code   RO          287    i.__NVIC_EnableIRQ  clock and perif.o
    0x080009aa   0x080009aa   0x0000000c   Code   RO          198    i.clearLcd          lcd1602 driver.o
    0x080009b6   0x080009b6   0x00000002   PAD
    0x080009b8   0x080009b8   0x00000054   Code   RO          353    i.convertAdcDataToDisplay  display mode.o
    0x08000a0c   0x08000a0c   0x00000070   Code   RO          354    i.convertPeriodDataToDisplay  display mode.o
    0x08000a7c   0x08000a7c   0x0000001a   Code   RO          199    i.convertPositionToAdress  lcd1602 driver.o
    0x08000a96   0x08000a96   0x00000002   PAD
    0x08000a98   0x08000a98   0x00000048   Code   RO           75    i.deviceModeHandler  device mode.o
    0x08000ae0   0x08000ae0   0x000002d0   Code   RO          355    i.displayModeHandler  display mode.o
    0x08000db0   0x08000db0   0x0000000c   Code   RO           76    i.getAdcData        device mode.o
    0x08000dbc   0x08000dbc   0x0000000c   Code   RO           77    i.getDelayTimeSetting  device mode.o
    0x08000dc8   0x08000dc8   0x0000000c   Code   RO           78    i.getDutyCycleSetting  device mode.o
    0x08000dd4   0x08000dd4   0x0000000c   Code   RO           79    i.getTimerTime      device mode.o
    0x08000de0   0x08000de0   0x0000000c   Code   RO           80    i.getTimerTimeSetting  device mode.o
    0x08000dec   0x08000dec   0x0000006c   Code   RO          288    i.initAdc           clock and perif.o
    0x08000e58   0x08000e58   0x00000174   Code   RO          289    i.initButton        clock and perif.o
    0x08000fcc   0x08000fcc   0x00000074   Code   RO          290    i.initClock         clock and perif.o
    0x08001040   0x08001040   0x00000098   Code   RO          291    i.initI2c           clock and perif.o
    0x080010d8   0x080010d8   0x0000003c   Code   RO          200    i.initLcd           lcd1602 driver.o
    0x08001114   0x08001114   0x00000018   Code   RO          292    i.initSystem        clock and perif.o
    0x0800112c   0x0800112c   0x0000013c   Code   RO          293    i.initTimer         clock and perif.o
    0x08001268   0x08001268   0x0000000c   Code   RO            4    i.main              main.o
    0x08001274   0x08001274   0x0000001c   Code   RO          356    i.sendCurrentDataToDisplay  display mode.o
    0x08001290   0x08001290   0x00000028   Code   RO          201    i.sendI2cByte       lcd1602 driver.o
    0x080012b8   0x080012b8   0x00000074   Code   RO          202    i.sendIntData3PointToDisplay  lcd1602 driver.o
    0x0800132c   0x0800132c   0x00000066   Code   RO          203    i.sendIntData3ToDisplay  lcd1602 driver.o
    0x08001392   0x08001392   0x00000002   PAD
    0x08001394   0x08001394   0x000000d0   Code   RO          204    i.sendLcdByte       lcd1602 driver.o
    0x08001464   0x08001464   0x00000012   Code   RO          205    i.sendLcdCommand    lcd1602 driver.o
    0x08001476   0x08001476   0x00000012   Code   RO          206    i.sendLcdData       lcd1602 driver.o
    0x08001488   0x08001488   0x0000001a   Code   RO          207    i.sendLcdString     lcd1602 driver.o
    0x080014a2   0x080014a2   0x00000024   Code   RO          208    i.sendLcdStringToPosition  lcd1602 driver.o
    0x080014c6   0x080014c6   0x00000002   PAD
    0x080014c8   0x080014c8   0x0000001c   Code   RO          357    i.sendPeriodDataToDisplay  display mode.o
    0x080014e4   0x080014e4   0x0000000a   Code   RO          544    x$fpl$fpinit        fz_wm.l(fpinit.o)
    0x080014ee   0x080014ee   0x00000002   PAD
    0x080014f0   0x080014f0   0x00000020   Data   RO          614    Region$$Table       anon$$obj.o


    Execution Region ER_RW (Exec base: 0x20000000, Load base: 0x08001510, Size: 0x00000078, Max: 0xffffffff, ABSOLUTE)

    Exec Addr    Load Addr    Size         Type   Attr      Idx    E Section Name        Object

    0x20000000   0x08001510   0x0000001c   Data   RW            5    .data               main.o
    0x2000001c   0x0800152c   0x00000034   Data   RW           85    .data               device mode.o
    0x20000050   0x08001560   0x00000028   Data   RW          358    .data               display mode.o


    Execution Region ER_ZI (Exec base: 0x20000078, Load base: 0x08001588, Size: 0x00000660, Max: 0xffffffff, ABSOLUTE)

    Exec Addr    Load Addr    Size         Type   Attr      Idx    E Section Name        Object

    0x20000078        -       0x00000060   Zero   RW          486    .bss                c_w.l(libspace.o)
    0x200000d8        -       0x00000200   Zero   RW          410    HEAP                startup_stm32f411xe.o
    0x200002d8        -       0x00000400   Zero   RW          409    STACK               startup_stm32f411xe.o


==============================================================================

Image component sizes


      Code (inc. data)   RO Data    RW Data    ZI Data      Debug   Object Name

      1122         76          0          0          0       3598   clock and perif.o
      1772        298          0         52          0       7606   device mode.o
       972        184          0         40          0       4353   display mode.o
       678          8          0          0          0       7121   lcd1602 driver.o
        12          0          0         28          0     312750   main.o
        64         26        408          0       1536        860   startup_stm32f411xe.o
        28          4          0          0          0        497   system_stm32f4xx.o

    ----------------------------------------------------------------------
      4656        596        440        120       1536     336785   Object Totals
         0          0         32          0          0          0   (incl. Generated)
         8          0          0          0          0          0   (incl. Padding)

    ----------------------------------------------------------------------

      Code (inc. data)   RO Data    RW Data    ZI Data      Debug   Library Member Name

         8          0          0          0          0         68   __main.o
         0          0          0          0          0          0   __rtentry.o
        12          0          0          0          0          0   __rtentry2.o
         6          0          0          0          0          0   __rtentry4.o
        52          8          0          0          0          0   __scatter.o
        26          0          0          0          0          0   __scatter_copy.o
        28          0          0          0          0          0   __scatter_zi.o
        18          0          0          0          0         80   exit.o
         6          0          0          0          0        152   heapauxi.o
         0          0          0          0          0          0   indicate_semi.o
         2          0          0          0          0          0   libinit.o
         6          0          0          0          0          0   libinit2.o
         2          0          0          0          0          0   libshutdown.o
         2          0          0          0          0          0   libshutdown2.o
         8          4          0          0         96         68   libspace.o
         2          0          0          0          0          0   rtexit.o
        10          0          0          0          0          0   rtexit2.o
        12          4          0          0          0         68   sys_exit.o
        74          0          0          0          0         80   sys_stackheap_outer.o
         2          0          0          0          0         68   use_no_semi.o
        10          0          0          0          0        116   fpinit.o

    ----------------------------------------------------------------------
       296         16          0          0         96        700   Library Totals
        10          0          0          0          0          0   (incl. Padding)

    ----------------------------------------------------------------------

      Code (inc. data)   RO Data    RW Data    ZI Data      Debug   Library Name

       276         16          0          0         96        584   c_w.l
        10          0          0          0          0        116   fz_wm.l

    ----------------------------------------------------------------------
       296         16          0          0         96        700   Library Totals

    ----------------------------------------------------------------------

==============================================================================


      Code (inc. data)   RO Data    RW Data    ZI Data      Debug   

      4952        612        440        120       1632     334029   Grand Totals
      4952        612        440        120       1632     334029   ELF Image Totals
      4952        612        440        120          0          0   ROM Totals

==============================================================================

    Total RO  Size (Code + RO Data)                 5392 (   5.27kB)
    Total RW  Size (RW Data + ZI Data)              1752 (   1.71kB)
    Total ROM Size (Code + RO Data + RW Data)       5512 (   5.38kB)

==============================================================================

